// Vitest Snapshot v1, https://vitest.dev/guide/snapshot.html

exports[`AppHeader Component > should render our footer 1`] = `
<body>
  <div>
    <header
      class="header hidden overflow-hidden print:hidden md:block closed"
    >
      <div
        class="mx-auto flex h-full w-full max-w-5xl items-center justify-evenly md:text-sm"
      >
        <button
          class="header-logo ml-4 gap-2 px-4 md:hidden"
          title="Toggle menu"
          type="button"
        >
          <img
            alt="Toggle Menu"
            class="max-h-4"
            height="16"
            loading="eager"
            src="/images/svg/menu.svg"
            width="19"
          />
        </button>
        <div
          class="flex-1 md:hidden"
        />
        <a
          aria-current="page"
          class="header-logo ml-4 gap-2 px-4 active"
          href="/"
        >
          <svg
            class="logo"
            height="59"
            viewBox="0 0 100 59"
            xmlns="http://www.w3.org/2000/svg"
          >
            <path
              d="m72.573561 53.8100014-4.7761176-10.8100014-4.7761176 10.8100014h-5.2238824-5.2238824l-4.7761176-10.8100014-4.7761176 10.8100014h-18.9984302l23.7745478-53.8100014 10 22.6334489 10-22.6334489 23.7745479 53.8100014zm-65.46601601-32.0470011 9.61541491-21.7630003h2.8056379l-11.01823389 24.9380633zm2.7140959 6.5404709 12.50515171-28.3034712h3.8379913l-14.4241473 32.6468202zm18.90131901-28.3034712h15.8490314l-23.7745479 53.8100014-4-9.0533796 19.7745479-44.7566218zm0 0h5.441824l-18.5541552 41.9944523-2.7209119-6.1583623zm-23.36631575 14.1239332-5.35664415-12.1239332h10.7132883z"
              fill=""
              rendering-intent="geometricPrecision"
              text-rendering="geometricPrecision"
            />
          </svg>
          <span
            class="sr-only"
          >
            Home
          </span>
        </a>
        <div
          class="flex-1"
        />
        <nav
          class="flex h-full flex-col font-font-monospace md:flex-row"
        >
          <a
            aria-current="page"
            class="header-link active"
            href="/"
          >
            About
          </a>
          <a
            class="header-link"
            href="/blog"
          >
            Blog
          </a>
          <a
            class="header-link"
            href="/portfolio"
          >
            Portfolio
          </a>
          <a
            class="header-link"
            href="/resume"
          >
            Resume
          </a>
          <a
            class="header-link"
            href="/uses"
          >
            Uses
          </a>
        </nav>
      </div>
    </header>
  </div>
</body>
`;
