// Vitest Snapshot v1, https://vitest.dev/guide/snapshot.html

exports[`AppTags Component > should render our AppTags 1`] = `
<body>
  <div>
    <div>
      <h2
        class="mb-8 text-2xl"
      >
        App Tag - Test Heading
      </h2>
      <div
        class="flex flex-wrap gap-2"
      >
        <div
          class="tag-classname"
        >
          One
        </div>
        <div
          class="tag-classname"
        >
          Two
        </div>
        <div
          class="tag-classname"
        >
          Three
        </div>
      </div>
    </div>
  </div>
</body>
`;
