// Vitest Snapshot v1

exports[`BlogPreview Component > should render our BlogPreview 1`] = `
<body>
  <div>
    <a
      class="blog-preview relative flex flex-col"
      href="/blog/undefined"
    >
      <img
        alt=""
        height="auto"
        loading="lazy"
        src=""
        width="auto"
      />
      <h3
        class="mt-4 mb-2 text-2xl"
      >
        test title
      </h3>
      <div
        class="font-font-monospace text-sm"
      >
        Invalid Date
      </div>
    </a>
  </div>
</body>
`;
