// Vitest Snapshot v1

exports[`Footer Component > should render our footer 1`] = `
<body>
  <div>
    <footer
      class="text-center text-sm"
    >
      <p>
        Built with 
        <span
          class="text-color-primary--"
        >
          ♥
        </span>
         in
         
        <a
          href="https://www.google.com/search?q=san+diego+weather"
          rel="noreferrer"
          target="_blank"
        >
          San Diego
        </a>
        , California. © 
        2022
      </p>
    </footer>
  </div>
</body>
`;
