// Vitest Snapshot v1

exports[`Footer Component > should render our footer 1`] = `
<body>
  <div>
    <footer
      class="text-center text-sm"
    >
      <div
        class="mb-2 flex items-center justify-center gap-4"
      >
        <img
          alt="Follow me on GitHub"
          class="footer-social"
          height="16"
          src="/github.svg"
          width="16"
        />
        <img
          alt="Follow me on Twitter"
          class="footer-social"
          height="16"
          src="/twitter.svg"
          width="16"
        />
        <img
          alt="Follow me on LinkedIn"
          class="footer-social"
          height="16"
          src="/linkedin.svg"
          width="16"
        />
      </div>
      <p>
        Built with 
        <span
          class="text-color-primary"
        >
          ♥
        </span>
         in
         
        <a
          href="https://www.surfline.com/surf-report/carlsbad-state-beach-north/5d4dc10680c2430001b119fb"
          rel="noreferrer"
          target="_blank"
        >
          San Diego
        </a>
        , California. © 
        2022
      </p>
    </footer>
  </div>
</body>
`;
