// Vitest Snapshot v1

exports[`Hero Component > should render our Hero 1`] = `
<body>
  <div>
    <div
      class="hero p-4"
    >
      <h1
        class="text-center font-font-serif text-6xl font-extrabold"
      >
        Test Copy
        <br />
        <span
          class="text-highlight text-7xl"
        >
          The HIGHLIGHT
        </span>
      </h1>
    </div>
  </div>
</body>
`;
