// Vitest Snapshot v1

exports[`Hero Component > should render our Hero 1`] = `
<body>
  <div>
    <div
      class="hero p-4"
    >
      <h1
        class="text-center font-font-serif text-4xl font-extrabold md:text-6xl"
      >
        Test Copy
        <div
          class="text-highlight text-5xl md:text-7xl"
        >
          The HIGHLIGHT
        </div>
      </h1>
    </div>
  </div>
</body>
`;
